login as: root
root@46.250.234.89's password:
Welcome to Ubuntu 20.04.6 LTS (GNU/Linux 5.4.0-105-generic x86_64)

 * Documentation:  https://help.ubuntu.com
 * Management:     https://landscape.canonical.com
 * Support:        https://ubuntu.com/pro
Ubuntu comes with ABSOLUTELY NO WARRANTY, to the extent permitted by
applicable law.

New release '22.04.5 LTS' available.
Run 'do-release-upgrade' to upgrade to it.

  _____
 / ___/___  _  _ _____ _   ___  ___
| |   / _ \| \| |_   _/ \ | _ )/ _ \
| |__| (_) | .` | | |/ _ \| _ \ (_) |
 \____\___/|_|\_| |_/_/ \_|___/\___/

Welcome!

This server is hosted by Contabo. If you have any questions or need help,
please don't hesitate to contact us at support@contabo.com.

Last login: Sun Aug 10 15:24:05 2025 from 85.117.120.197
root@vmi2118687:~# ls -la
total 252
drwx------ 15 root root   4096 Aug 10 15:24 .
drwxr-xr-x 18 root root   4096 Feb 26 21:39 ..
-rw-r--r--  1 root root    176 Jul 23 20:50 .ai-shell
-rw-------  1 root root  63439 Aug  6 18:00 .bash_history
-rw-r--r--  1 root root   3537 Jul 23 20:49 .bashrc
drwx------  4 root root   4096 Mar  4 20:01 .cache
drwxr-xr-x  2 root root   4096 Apr  5 03:31 cb
drwxr-xr-x  2 root root   4096 Aug 10 15:24 cbay
drwx------  3 root root   4096 Jul 23 20:42 .config
drwxr-xr-x  3 root root   4096 Apr 19 00:09 crystal
drwxr-xr-x  3 root root   4096 Feb 28 02:31 .local
drwxr-xr-x  2 root root   4096 Feb 28 02:35 n8n
drwxr-xr-x  3 root root   4096 Jul 23 20:43 node_modules
drwxr-xr-x  5 root root   4096 Jul 23 20:49 .npm
drwxr-xr-x  8 root root   4096 Jul 23 20:49 .nvm
drwxr-xr-x  2 root root   4096 Mar  4 00:16 openwebui
-rw-r--r--  1 root root    311 Jul 23 20:43 package-lock.json
-rw-r--r--  1 root root    161 Dec  5  2019 .profile
drwxr-xr-x  3 root root   4096 Jul 13 00:17 ragflow
drwxr-xr-x  4 root root   4096 Mar 10 12:19 scrape
-rw-r--r--  1 root root 110444 Feb 26 21:52 update.txt
root@vmi2118687:~# cd cbay
root@vmi2118687:~/cbay# ls -la
total 8
drwxr-xr-x  2 root root 4096 Aug 10 15:24 .
drwx------ 15 root root 4096 Aug 10 15:24 ..
root@vmi2118687:~/cbay# git clone https://github.com/azrailbeat/crystalbay.git
Cloning into 'crystalbay'...
Username for 'https://github.com': bekes.maxat@gmail.com
Password for 'https://bekes.maxat@gmail.com@github.com':
remote: Invalid username or token. Password authentication is not supported for                                                                                                                                              Git operations.
fatal: Authentication failed for 'https://github.com/azrailbeat/crystalbay.git/'
root@vmi2118687:~/cbay# git clone https://github.com/azrailbeat/crystalbay.git
Cloning into 'crystalbay'...
remote: Enumerating objects: 1331, done.
remote: Counting objects: 100% (1331/1331), done.
remote: Compressing objects: 100% (456/456), done.
remote: Total 1331 (delta 843), reused 1331 (delta 843), pack-reused 0 (from 0)
Receiving objects: 100% (1331/1331), 27.75 MiB | 13.91 MiB/s, done.
Resolving deltas: 100% (843/843), done.
root@vmi2118687:~/cbay# ls -la
total 12
drwxr-xr-x  3 root root 4096 Aug 10 16:39 .
drwx------ 15 root root 4096 Aug 10 15:24 ..
drwxr-xr-x  5 root root 4096 Aug 10 16:39 crystalbay
root@vmi2118687:~/cbay# cd crystal bay
-bash: cd: too many arguments
root@vmi2118687:~/cbay# cd crystalbay
root@vmi2118687:~/cbay/crystalbay# ls -la
total 420
drwxr-xr-x 5 root root   4096 Aug 10 16:39 .
drwxr-xr-x 3 root root   4096 Aug 10 16:39 ..
-rw-r--r-- 1 root root   3060 Aug 10 16:39 app_api.py
-rw-r--r-- 1 root root   2759 Aug 10 16:39 CLEANUP_REPORT.md
-rw-r--r-- 1 root root  17458 Aug 10 16:39 crystal_bay_samo_api.py
-rw-r--r-- 1 root root   1646 Aug 10 16:39 docker-compose.yml
-rw-r--r-- 1 root root   1650 Aug 10 16:39 Dockerfile
-rw-r--r-- 1 root root    761 Aug 10 16:39 Dockerfile.production
-rw-r--r-- 1 root root    388 Aug 10 16:39 .dockerignore
-rw-r--r-- 1 root root    463 Aug 10 16:39 .env.example
-rw-r--r-- 1 root root   1038 Aug 10 16:39 .env.production
drwxr-xr-x 8 root root   4096 Aug 10 16:39 .git
-rw-r--r-- 1 root root    672 Aug 10 16:39 .gitignore
-rw-r--r-- 1 root root   9577 Aug 10 16:39 main.py
-rw-r--r-- 1 root root  35523 Aug 10 16:39 models.py
-rw-r--r-- 1 root root   7246 Aug 10 16:39 proxy_client.py
-rw-r--r-- 1 root root    570 Aug 10 16:39 pyproject.toml
-rw-r--r-- 1 root root   1752 Aug 10 16:39 README.md
-rw-r--r-- 1 root root    850 Aug 10 16:39 .replit
-rw-r--r-- 1 root root   4984 Aug 10 16:39 replit.md
-rw-r--r-- 1 root root     65 Aug 10 16:39 replit.nix
-rw-r--r-- 1 root root  10867 Aug 10 16:39 samo_api_routes.py
drwxr-xr-x 3 root root   4096 Aug 10 16:39 static
drwxr-xr-x 2 root root   4096 Aug 10 16:39 templates
-rw-r--r-- 1 root root 256040 Aug 10 16:39 uv.lock
root@vmi2118687:~/cbay/crystalbay# ai run this app

┌  AI Shell
│
◇  Your script:

./your_app

•
│
◇  Explanation:

### Script Description:
Executes the application named "your_app".

### Steps:
1. Navigate to the directory containing `your_app`.
2. Open the terminal.
3. Type `./your_app`.
4. Press Enter to run the application.

•
│
◇  Run this script?
│  ❌ Cancel
└  Goodbye!

root@vmi2118687:~/cbay/crystalbay# ai research this folder make a report

┌  AI Shell
│
◇  Your script:

find /path/to/folder -type f -exec ls -lh {} \; > report.txt && echo "Report gen                                                                                                                                             erated: report.txt"

•
│
◇  Explanation:

**Script Description:**
This script generates a detailed list of all files in a specified folder and sav                                                                                                                                             es it to a report file.

**Steps:**
1. Search for files in `/path/to/folder`.
2. Execute `ls -lh` on each found file.
3. Redirect output to `report.txt`.
4. Print confirmation message with report location.

•
│
◇  Run this script?
│  ✅ Yes
│
└  Running: find /path/to/folder -type f -exec ls -lh {} \; > report.txt && echo                                                                                                                                              "Report generated: report.txt"


(node:3861487) [DEP0190] DeprecationWarning: Passing args to a child process wit                                                                                                                                             h shell option true can lead to security vulnerabilities, as the arguments are n                                                                                                                                             ot escaped, only concatenated.
(Use `node --trace-deprecation ...` to show where the warning was created)
find: ‘/path/to/folder’: No such file or directory
root@vmi2118687:~/cbay/crystalbay# ai research this folder make a report

┌  AI Shell
│
◇  Your script:

find . -type f -exec du -h {} + | sort -h > report.txt && echo "Report generated                                                                                                                                              as report.txt"

•
│
◇  Explanation:

**Script Description:**
The script finds all files in the current directory, calculates their sizes, sor                                                                                                                                             ts them, and outputs the results to a report file.

**Steps:**
1. Search for all files (`-type f`) in the current directory (`.`).
2. Execute `du -h` to get human-readable sizes for each file.
3. Sort the output by size (`sort -h`).
4. Redirect the sorted output to a file named `report.txt`.
5. Print a confirmation message: "Report generated as report.txt".

•
│
◇  Run this script?
│  ✅ Yes
│
└  Running: find . -type f -exec du -h {} + | sort -h > report.txt && echo "Repo                                                                                                                                             rt generated as report.txt"


(node:3861542) [DEP0190] DeprecationWarning: Passing args to a child process wit                                                                                                                                             h shell option true can lead to security vulnerabilities, as the arguments are n                                                                                                                                             ot escaped, only concatenated.
(Use `node --trace-deprecation ...` to show where the warning was created)
Report generated as report.txt
root@vmi2118687:~/cbay/crystalbay#
login as: root
root@46.250.234.89's password:
Welcome to Ubuntu 20.04.6 LTS (GNU/Linux 5.4.0-105-generic x86_64)

 * Documentation:  https://help.ubuntu.com
 * Management:     https://landscape.canonical.com
 * Support:        https://ubuntu.com/pro
Ubuntu comes with ABSOLUTELY NO WARRANTY, to the extent permitted by
applicable law.

New release '22.04.5 LTS' available.
Run 'do-release-upgrade' to upgrade to it.

  _____
 / ___/___  _  _ _____ _   ___  ___
| |   / _ \| \| |_   _/ \ | _ )/ _ \
| |__| (_) | .` | | |/ _ \| _ \ (_) |
 \____\___/|_|\_| |_/_/ \_|___/\___/

Welcome!

This server is hosted by Contabo. If you have any questions or need help,
please don't hesitate to contact us at support@contabo.com.

Last login: Sun Aug 10 16:37:19 2025 from 85.117.122.69
root@vmi2118687:~# ды -дф
ды: command not found
root@vmi2118687:~# ls -la
total 252
drwx------ 15 root root   4096 Aug 10 15:24 .
drwxr-xr-x 18 root root   4096 Feb 26 21:39 ..
-rw-r--r--  1 root root    176 Jul 23 20:50 .ai-shell
-rw-------  1 root root  63535 Aug 10 16:40 .bash_history
-rw-r--r--  1 root root   3537 Jul 23 20:49 .bashrc
drwx------  4 root root   4096 Mar  4 20:01 .cache
drwxr-xr-x  2 root root   4096 Apr  5 03:31 cb
drwxr-xr-x  3 root root   4096 Aug 10 16:39 cbay
drwx------  3 root root   4096 Jul 23 20:42 .config
drwxr-xr-x  3 root root   4096 Apr 19 00:09 crystal
drwxr-xr-x  3 root root   4096 Feb 28 02:31 .local
drwxr-xr-x  2 root root   4096 Feb 28 02:35 n8n
drwxr-xr-x  3 root root   4096 Jul 23 20:43 node_modules
drwxr-xr-x  5 root root   4096 Jul 23 20:49 .npm
drwxr-xr-x  8 root root   4096 Jul 23 20:49 .nvm
drwxr-xr-x  2 root root   4096 Mar  4 00:16 openwebui
-rw-r--r--  1 root root    311 Jul 23 20:43 package-lock.json
-rw-r--r--  1 root root    161 Dec  5  2019 .profile
drwxr-xr-x  3 root root   4096 Jul 13 00:17 ragflow
drwxr-xr-x  4 root root   4096 Mar 10 12:19 scrape
-rw-r--r--  1 root root 110444 Feb 26 21:52 update.txt
root@vmi2118687:~# cd cbay
root@vmi2118687:~/cbay# ls -la
total 12
drwxr-xr-x  3 root root 4096 Aug 10 16:39 .
drwx------ 15 root root 4096 Aug 10 15:24 ..
drwxr-xr-x  5 root root 4096 Aug 10 16:40 crystalbay
root@vmi2118687:~/cbay# cd crystalbay
root@vmi2118687:~/cbay/crystalbay# ls -la
total 424
drwxr-xr-x 5 root root   4096 Aug 10 16:40 .
drwxr-xr-x 3 root root   4096 Aug 10 16:39 ..
-rw-r--r-- 1 root root   3060 Aug 10 16:39 app_api.py
-rw-r--r-- 1 root root   2759 Aug 10 16:39 CLEANUP_REPORT.md
-rw-r--r-- 1 root root  17458 Aug 10 16:39 crystal_bay_samo_api.py
-rw-r--r-- 1 root root   1646 Aug 10 16:39 docker-compose.yml
-rw-r--r-- 1 root root   1650 Aug 10 16:39 Dockerfile
-rw-r--r-- 1 root root    761 Aug 10 16:39 Dockerfile.production
-rw-r--r-- 1 root root    388 Aug 10 16:39 .dockerignore
-rw-r--r-- 1 root root    463 Aug 10 16:39 .env.example
-rw-r--r-- 1 root root   1038 Aug 10 16:39 .env.production
drwxr-xr-x 8 root root   4096 Aug 10 16:39 .git
-rw-r--r-- 1 root root    672 Aug 10 16:39 .gitignore
-rw-r--r-- 1 root root   9577 Aug 10 16:39 main.py
-rw-r--r-- 1 root root  35523 Aug 10 16:39 models.py
-rw-r--r-- 1 root root   7246 Aug 10 16:39 proxy_client.py
-rw-r--r-- 1 root root    570 Aug 10 16:39 pyproject.toml
-rw-r--r-- 1 root root   1752 Aug 10 16:39 README.md
-rw-r--r-- 1 root root    850 Aug 10 16:39 .replit
-rw-r--r-- 1 root root   4984 Aug 10 16:39 replit.md
-rw-r--r-- 1 root root     65 Aug 10 16:39 replit.nix
-rw-r--r-- 1 root root   2060 Aug 10 16:40 report.txt
-rw-r--r-- 1 root root  10867 Aug 10 16:39 samo_api_routes.py
drwxr-xr-x 3 root root   4096 Aug 10 16:39 static
drwxr-xr-x 2 root root   4096 Aug 10 16:39 templates
-rw-r--r-- 1 root root 256040 Aug 10 16:39 uv.lock
root@vmi2118687:~/cbay/crystalbay# cd ..
root@vmi2118687:~/cbay# rm -rf *.*
root@vmi2118687:~/cbay# ls -la
total 12
drwxr-xr-x  3 root root 4096 Aug 10 16:39 .
drwx------ 15 root root 4096 Aug 10 15:24 ..
drwxr-xr-x  5 root root 4096 Aug 10 16:40 crystalbay
root@vmi2118687:~/cbay# rmdir crystalbay
rmdir: failed to remove 'crystalbay': Directory not empty
root@vmi2118687:~/cbay# rmdir crystalbay -f
rmdir: invalid option -- 'f'
Try 'rmdir --help' for more information.
root@vmi2118687:~/cbay# cd ..
root@vmi2118687:~# ai remove cbay dir

┌  AI Shell
│
◇  Your script:

rm -rf cbay

•
│
◇  Explanation:

**Description:**
The script permanently removes the directory named "cbay" and all its contents.

**Steps:**
1. Use the `rm` command to remove files/directories.
2. Use the `-r` option to remove directories recursively.
3. Use the `-f` option to force the removal without prompts.
4. Specify the target directory: `cbay`.

•
│
◇  Run this script?
│  ✅ Yes
│
└  Running: rm -rf cbay


(node:3868192) [DEP0190] DeprecationWarning: Passing args to a child process wit                                                                                                                                             h shell option true can lead to security vulnerabilities, as the arguments are n                                                                                                                                             ot escaped, only concatenated.
(Use `node --trace-deprecation ...` to show where the warning was created)
root@vmi2118687:~# ls -la
total 248
drwx------ 14 root root   4096 Aug 10 17:01 .
drwxr-xr-x 18 root root   4096 Feb 26 21:39 ..
-rw-r--r--  1 root root    176 Jul 23 20:50 .ai-shell
-rw-------  1 root root  63547 Aug 10 17:01 .bash_history
-rw-r--r--  1 root root   3537 Jul 23 20:49 .bashrc
drwx------  4 root root   4096 Mar  4 20:01 .cache
drwxr-xr-x  2 root root   4096 Apr  5 03:31 cb
drwx------  3 root root   4096 Jul 23 20:42 .config
drwxr-xr-x  3 root root   4096 Apr 19 00:09 crystal
drwxr-xr-x  3 root root   4096 Feb 28 02:31 .local
drwxr-xr-x  2 root root   4096 Feb 28 02:35 n8n
drwxr-xr-x  3 root root   4096 Jul 23 20:43 node_modules
drwxr-xr-x  5 root root   4096 Jul 23 20:49 .npm
drwxr-xr-x  8 root root   4096 Jul 23 20:49 .nvm
drwxr-xr-x  2 root root   4096 Mar  4 00:16 openwebui
-rw-r--r--  1 root root    311 Jul 23 20:43 package-lock.json
-rw-r--r--  1 root root    161 Dec  5  2019 .profile
drwxr-xr-x  3 root root   4096 Jul 13 00:17 ragflow
drwxr-xr-x  4 root root   4096 Mar 10 12:19 scrape
-rw-r--r--  1 root root 110444 Feb 26 21:52 update.txt
root@vmi2118687:~# rm cb
rm: cannot remove 'cb': Is a directory
root@vmi2118687:~# rmdir cb
rmdir: failed to remove 'cb': Directory not empty
root@vmi2118687:~# rmdir cb -force
rmdir: invalid option -- 'f'
Try 'rmdir --help' for more information.
root@vmi2118687:~# rmdir cb -f
rmdir: invalid option -- 'f'
Try 'rmdir --help' for more information.
root@vmi2118687:~# rm -rf cb
root@vmi2118687:~# ls -la
total 244
drwx------ 13 root root   4096 Aug 10 17:02 .
drwxr-xr-x 18 root root   4096 Feb 26 21:39 ..
-rw-r--r--  1 root root    176 Jul 23 20:50 .ai-shell
-rw-------  1 root root  63547 Aug 10 17:01 .bash_history
-rw-r--r--  1 root root   3537 Jul 23 20:49 .bashrc
drwx------  4 root root   4096 Mar  4 20:01 .cache
drwx------  3 root root   4096 Jul 23 20:42 .config
drwxr-xr-x  3 root root   4096 Apr 19 00:09 crystal
drwxr-xr-x  3 root root   4096 Feb 28 02:31 .local
drwxr-xr-x  2 root root   4096 Feb 28 02:35 n8n
drwxr-xr-x  3 root root   4096 Jul 23 20:43 node_modules
drwxr-xr-x  5 root root   4096 Jul 23 20:49 .npm
drwxr-xr-x  8 root root   4096 Jul 23 20:49 .nvm
drwxr-xr-x  2 root root   4096 Mar  4 00:16 openwebui
-rw-r--r--  1 root root    311 Jul 23 20:43 package-lock.json
-rw-r--r--  1 root root    161 Dec  5  2019 .profile
drwxr-xr-x  3 root root   4096 Jul 13 00:17 ragflow
drwxr-xr-x  4 root root   4096 Mar 10 12:19 scrape
-rw-r--r--  1 root root 110444 Feb 26 21:52 update.txt
root@vmi2118687:~# git clone https://github.com/azrailbeat/crystalbay.git
Cloning into 'crystalbay'...
remote: Enumerating objects: 1354, done.
remote: Counting objects: 100% (1354/1354), done.
remote: Compressing objects: 100% (475/475), done.
remote: Total 1354 (delta 853), reused 1348 (delta 847), pack-reused 0 (from 0)
Receiving objects: 100% (1354/1354), 27.77 MiB | 8.79 MiB/s, done.
Resolving deltas: 100% (853/853), done.
root@vmi2118687:~# ды -дф
ды: command not found
root@vmi2118687:~# ls -la
total 248
drwx------ 14 root root   4096 Aug 10 17:09 .
drwxr-xr-x 18 root root   4096 Feb 26 21:39 ..
-rw-r--r--  1 root root    176 Jul 23 20:50 .ai-shell
-rw-------  1 root root  63547 Aug 10 17:01 .bash_history
-rw-r--r--  1 root root   3537 Jul 23 20:49 .bashrc
drwx------  4 root root   4096 Mar  4 20:01 .cache
drwx------  3 root root   4096 Jul 23 20:42 .config
drwxr-xr-x  3 root root   4096 Apr 19 00:09 crystal
drwxr-xr-x  5 root root   4096 Aug 10 17:09 crystalbay
drwxr-xr-x  3 root root   4096 Feb 28 02:31 .local
drwxr-xr-x  2 root root   4096 Feb 28 02:35 n8n
drwxr-xr-x  3 root root   4096 Jul 23 20:43 node_modules
drwxr-xr-x  5 root root   4096 Jul 23 20:49 .npm
drwxr-xr-x  8 root root   4096 Jul 23 20:49 .nvm
drwxr-xr-x  2 root root   4096 Mar  4 00:16 openwebui
-rw-r--r--  1 root root    311 Jul 23 20:43 package-lock.json
-rw-r--r--  1 root root    161 Dec  5  2019 .profile
drwxr-xr-x  3 root root   4096 Jul 13 00:17 ragflow
drwxr-xr-x  4 root root   4096 Mar 10 12:19 scrape
-rw-r--r--  1 root root 110444 Feb 26 21:52 update.txt
root@vmi2118687:~# cd crystalbay
root@vmi2118687:~/crystalbay# ls ls
ls: cannot access 'ls': No such file or directory
root@vmi2118687:~/crystalbay# ls -la
total 496
drwxr-xr-x  5 root root   4096 Aug 10 17:09 .
drwx------ 14 root root   4096 Aug 10 17:09 ..
-rw-r--r--  1 root root   3060 Aug 10 17:09 app_api.py
-rw-r--r--  1 root root   2759 Aug 10 17:09 CLEANUP_REPORT.md
-rw-r--r--  1 root root  17458 Aug 10 17:09 crystal_bay_samo_api.py
-rw-r--r--  1 root root    633 Aug 10 17:09 crystalbay.service
-rw-r--r--  1 root root   8169 Aug 10 17:09 DEPLOYMENT_GUIDE.md
-rwxr-xr-x  1 root root   2930 Aug 10 17:09 deploy.sh
-rw-r--r--  1 root root   2086 Aug 10 17:09 docker-compose.production.yml
-rw-r--r--  1 root root   1646 Aug 10 17:09 docker-compose.yml
-rw-r--r--  1 root root   1650 Aug 10 17:09 Dockerfile
-rw-r--r--  1 root root   1114 Aug 10 17:09 Dockerfile.optimized
-rw-r--r--  1 root root    761 Aug 10 17:09 Dockerfile.production
-rw-r--r--  1 root root  19144 Aug 10 17:09 DOCKER_GUIDE.md
-rw-r--r--  1 root root    787 Aug 10 17:09 .dockerignore
-rw-r--r--  1 root root   4239 Aug 10 17:09 DOCKER_QUICK_REFERENCE.md
-rw-r--r--  1 root root   3530 Aug 10 17:09 docker-run.sh
-rw-r--r--  1 root root   1027 Aug 10 17:09 .env.docker
-rw-r--r--  1 root root    463 Aug 10 17:09 .env.example
-rw-r--r--  1 root root   1038 Aug 10 17:09 .env.production
drwxr-xr-x  8 root root   4096 Aug 10 17:09 .git
-rw-r--r--  1 root root    672 Aug 10 17:09 .gitignore
-rw-r--r--  1 root root   9577 Aug 10 17:09 main.py
-rw-r--r--  1 root root  35523 Aug 10 17:09 models.py
-rw-r--r--  1 root root   1774 Aug 10 17:09 nginx.conf
-rw-r--r--  1 root root   2720 Aug 10 17:09 nginx-docker.conf
-rw-r--r--  1 root root   7246 Aug 10 17:09 proxy_client.py
-rw-r--r--  1 root root    570 Aug 10 17:09 pyproject.toml
-rw-r--r--  1 root root   2621 Aug 10 17:09 QUICK_START.md
-rw-r--r--  1 root root   1752 Aug 10 17:09 README.md
-rw-r--r--  1 root root    850 Aug 10 17:09 .replit
-rw-r--r--  1 root root   5164 Aug 10 17:09 replit.md
-rw-r--r--  1 root root     65 Aug 10 17:09 replit.nix
-rw-r--r--  1 root root    310 Aug 10 17:09 requirements_production.txt
-rw-r--r--  1 root root  10867 Aug 10 17:09 samo_api_routes.py
drwxr-xr-x  3 root root   4096 Aug 10 17:09 static
drwxr-xr-x  2 root root   4096 Aug 10 17:09 templates
-rw-r--r--  1 root root 256040 Aug 10 17:09 uv.lock
root@vmi2118687:~/crystalbay# apt-get update
Hit:1 http://asi-fs-s.contabo.net/ubuntu focal InRelease
Get:2 http://asi-fs-s.contabo.net/ubuntu focal-updates InRelease [128 kB]
Get:3 http://asi-fs-s.contabo.net/ubuntu focal-backports InRelease [128 kB]
Hit:4 https://download.docker.com/linux/ubuntu focal InRelease
Get:5 https://deb.nodesource.com/node_20.x nodistro InRelease [12.1 kB]
Get:6 http://asi-fs-s.contabo.net/ubuntu focal-updates/main amd64 Packages [3,954 kB]
Get:7 http://asi-fs-s.contabo.net/ubuntu focal-updates/main i386 Packages [1,114 kB]
Get:8 http://security.ubuntu.com/ubuntu focal-security InRelease [128 kB]
Get:9 http://asi-fs-s.contabo.net/ubuntu focal-updates/universe amd64 Packages [1,262 kB]
Get:10 http://asi-fs-s.contabo.net/ubuntu focal-updates/universe i386 Packages [823 kB]
Err:5 https://deb.nodesource.com/node_20.x nodistro InRelease
  The following signatures couldn't be verified because the public key is not available: NO_PUBKEY 2F59B5F99B1BE0B4
Get:11 http://security.ubuntu.com/ubuntu focal-security/main i386 Packages [881 kB]
Get:12 http://security.ubuntu.com/ubuntu focal-security/main amd64 Packages [3,564 kB]
Get:13 http://security.ubuntu.com/ubuntu focal-security/universe i386 Packages [698 kB]
Get:14 http://security.ubuntu.com/ubuntu focal-security/universe amd64 Packages [1,040 kB]
Reading package lists... Done
W: GPG error: https://deb.nodesource.com/node_20.x nodistro InRelease: The following signatures couldn't be verified because the public key is                                                                               not available: NO_PUBKEY 2F59B5F99B1BE0B4
E: The repository 'https://deb.nodesource.com/node_20.x nodistro InRelease' is not signed.
N: Updating from such a repository can't be done securely, and is therefore disabled by default.
N: See apt-secure(8) manpage for repository creation and user configuration details.
root@vmi2118687:~/crystalbay# cd ~/crystalbay
root@vmi2118687:~/crystalbay# cp .env.docker .env   # or: cp .env.production .env
root@vmi2118687:~/crystalbay# nano .env
root@vmi2118687:~/crystalbay# sed -n '1,120p' docker-compose.production.yml
version: '3.8'

services:
  web:
    build:
      context: .
      dockerfile: Dockerfile.optimized
    ports:
      - "5000:5000"
    environment:
      - DATABASE_URL=postgresql://crystalbay:secure_password@db:5432/crystalbay_db
      - FLASK_ENV=production
      - FLASK_SECRET_KEY=${FLASK_SECRET_KEY}
      - SAMO_OAUTH_TOKEN=${SAMO_OAUTH_TOKEN}
      - OPENAI_API_KEY=${OPENAI_API_KEY}
      - TELEGRAM_BOT_TOKEN=${TELEGRAM_BOT_TOKEN}
      - WAZZUP_API_KEY=${WAZZUP_API_KEY}
      - SUPABASE_URL=${SUPABASE_URL}
      - SUPABASE_KEY=${SUPABASE_KEY}
    depends_on:
      db:
        condition: service_healthy
    volumes:
      - static_files:/app/static
      - app_logs:/app/logs
    restart: unless-stopped
    healthcheck:
      test: ["CMD", "curl", "-f", "http://localhost:5000/health"]
      interval: 30s
      timeout: 10s
      retries: 3
      start_period: 40s

  db:
    image: postgres:15-alpine
    environment:
      POSTGRES_DB: crystalbay_db
      POSTGRES_USER: crystalbay
      POSTGRES_PASSWORD: secure_password
      POSTGRES_INITDB_ARGS: "--encoding=UTF-8 --locale=C"
    volumes:
      - postgres_data:/var/lib/postgresql/data
    restart: unless-stopped
    healthcheck:
      test: ["CMD-SHELL", "pg_isready -U crystalbay -d crystalbay_db"]
      interval: 10s
      timeout: 5s
      retries: 5

  nginx:
    image: nginx:alpine
    ports:
      - "80:80"
      - "443:443"
    volumes:
      - ./nginx-docker.conf:/etc/nginx/conf.d/default.conf
      - static_files:/app/static:ro
      - ./ssl:/etc/nginx/ssl:ro
    depends_on:
      web:
        condition: service_healthy
    restart: unless-stopped
    healthcheck:
      test: ["CMD", "wget", "--quiet", "--tries=1", "--spider", "http://localhost/health"]
      interval: 30s
      timeout: 10s
      retries: 3

  redis:
    image: redis:7-alpine
    restart: unless-stopped
    healthcheck:
      test: ["CMD", "redis-cli", "ping"]
      interval: 10s
      timeout: 5s
      retries: 3
    volumes:
      - redis_data:/data

volumes:
  postgres_data:
  static_files:
  app_logs:
  redis_data:root@vmi2118687:~/crystalbay#
root@vmi2118687:~/crystalbay# docker-compose -f docker-compose.production.yml --env-file .env up -d --build

Command 'docker-compose' not found, but can be installed with:

apt install docker-compose

root@vmi2118687:~/crystalbay# docker compose -f docker-compose.production.yml --env-file .env up -d --build
WARN[0000] The "SUPABASE_URL" variable is not set. Defaulting to a blank string.
WARN[0000] The "SUPABASE_KEY" variable is not set. Defaulting to a blank string.
WARN[0000] /root/crystalbay/docker-compose.production.yml: the attribute `version` is obsolete, it will be ignored, please remove it to avoid p                                                                              otential confusion
[+] Running 29/29
 ✔ nginx Pulled                                                                                                                          14.4s
   ✔ a5585638209e Pull complete                                                                                                           7.3s
   ✔ fd372c3c84a2 Pull complete                                                                                                           8.0s
   ✔ 958a74d6a238 Pull complete                                                                                                           8.1s
   ✔ c1d2dc189e38 Pull complete                                                                                                           8.6s
   ✔ 828fa206d77b Pull complete                                                                                                           8.9s
   ✔ bdaad27fd04a Pull complete                                                                                                           9.0s
   ✔ f23865b38cc6 Pull complete                                                                                                          10.7s
 ✔ redis Pulled                                                                                                                           6.5s
   ✔ 0368fd46e3c6 Pull complete                                                                                                           1.3s
   ✔ 4c55286bbede Pull complete                                                                                                           1.4s
   ✔ 5e28347af205 Pull complete                                                                                                           1.7s
   ✔ 311eca34042e Pull complete                                                                                                           1.9s
   ✔ e6fe6f07e192 Pull complete                                                                                                           2.6s
   ✔ a2cadbfeca72 Pull complete                                                                                                           2.6s
   ✔ 4f4fb700ef54 Pull complete                                                                                                           2.8s
   ✔ a976ed7e7808 Pull complete                                                                                                           2.8s
 ✔ db Pulled                                                                                                                             15.2s
   ✔ 9824c27679d3 Pull complete                                                                                                           3.4s
   ✔ 2d24f7d1d290 Pull complete                                                                                                           3.4s
   ✔ 608e634a9332 Pull complete                                                                                                           3.9s
   ✔ ec7962788232 Pull complete                                                                                                           4.2s
   ✔ 299375ace78d Pull complete                                                                                                           4.2s
   ✔ 5b57d5761443 Pull complete                                                                                                          11.3s
   ✔ d0aede649ee3 Pull complete                                                                                                          11.3s
   ✔ 4477580949b1 Pull complete                                                                                                          11.4s
   ✔ 7c314e1269bc Pull complete                                                                                                          11.4s
   ✔ d71e886fe3be Pull complete                                                                                                          11.4s
   ✔ 9d240404d8bc Pull complete                                                                                                          11.5s
Compose now can delegate build to bake for better performances
Just set COMPOSE_BAKE=true
[+] Building 66.0s (9/12)                                                                                                       docker:default
 => [web internal] load build definition from Dockerfile.optimized                                                                        0.1s
 => => transferring dockerfile: 1.16kB                                                                                                    0.0s
 => [web internal] load metadata for docker.io/library/python:3.11-slim                                                                   2.8s
 => [web internal] load .dockerignore                                                                                                     0.0s
 => => transferring context: 829B                                                                                                         0.0s
 => [web 1/8] FROM docker.io/library/python:3.11-slim@sha256:0ce77749ac83174a31d5e107ce0cfa6b28a2fd6b0615e029d9d84b39c48976ee             9.4s
 => => resolve docker.io/library/python:3.11-slim@sha256:0ce77749ac83174a31d5e107ce0cfa6b28a2fd6b0615e029d9d84b39c48976ee                 0.0s
 => => sha256:59e22667830bf04fb35e15ed9c70023e9d121719bb87f0db7f3159ee7c7e0b8d 28.23MB / 28.23MB                                          2.0s
 => => sha256:abd846fa1cdb2ae1ef7731213cd4f0c40b05fdbeeaef9301a4dc9575b2088ece 3.51MB / 3.51MB                                            1.7s
 => => sha256:b7b61708209ad8f9b9a11c61dc9df90f74c1e39eddc169936146259febc2ec24 16.21MB / 16.21MB                                          1.6s
 => => sha256:0ce77749ac83174a31d5e107ce0cfa6b28a2fd6b0615e029d9d84b39c48976ee 9.13kB / 9.13kB                                            0.0s
 => => sha256:6310ad99788c86b074f6277f2199636da09e0d3c25b176d4e58ab7c6d1fe110e 1.75kB / 1.75kB                                            0.0s
 => => sha256:f3bfd8e9386c2a97d52a0f28a4cc8db81b0340eec7055b720a362fb7efe04aa7 5.37kB / 5.37kB                                            0.0s
 => => sha256:4085babbc5702254267393a22fc7f0d644efddd41dc328f81b1549c13a210b4e 249B / 249B                                                2.3s
 => => extracting sha256:59e22667830bf04fb35e15ed9c70023e9d121719bb87f0db7f3159ee7c7e0b8d                                                 4.1s
 => => extracting sha256:abd846fa1cdb2ae1ef7731213cd4f0c40b05fdbeeaef9301a4dc9575b2088ece                                                 0.4s
 => => extracting sha256:b7b61708209ad8f9b9a11c61dc9df90f74c1e39eddc169936146259febc2ec24                                                 2.0s
 => => extracting sha256:4085babbc5702254267393a22fc7f0d644efddd41dc328f81b1549c13a210b4e                                                 0.0s
 => [web internal] load build context                                                                                                     0.1s
 => => transferring context: 793.05kB                                                                                                     0.0s
 => [web 2/8] WORKDIR /app                                                                                                                3.5s
 => [web 3/8] RUN apt-get update && apt-get install -y     gcc     postgresql-client     curl     && rm -rf /var/lib/apt/lists/*         20.1s
 => [web 4/8] COPY requirements_production.txt ./                                                                                         0.0s
 => ERROR [web 5/8] RUN pip install --no-cache-dir --upgrade pip &&     pip install --no-cache-dir -r requirements_production.txt        29.8s
------
 > [web 5/8] RUN pip install --no-cache-dir --upgrade pip &&     pip install --no-cache-dir -r requirements_production.txt:
2.034 Requirement already satisfied: pip in /usr/local/lib/python3.11/site-packages (24.0)
2.692 Collecting pip
3.454   Downloading pip-25.2-py3-none-any.whl.metadata (4.7 kB)
3.650 Downloading pip-25.2-py3-none-any.whl (1.8 MB)
4.635    ━━━━━━━━━━━━━━━━━━━━━━━━━━━━━━━━━━━━━━━━ 1.8/1.8 MB 1.8 MB/s eta 0:00:00
4.687 Installing collected packages: pip
4.687   Attempting uninstall: pip
4.690     Found existing installation: pip 24.0
4.724     Uninstalling pip-24.0:
4.803       Successfully uninstalled pip-24.0
5.786 Successfully installed pip-25.2
5.786 WARNING: Running pip as the 'root' user can result in broken permissions and conflicting behaviour with the system package manager. It is                                                                               recommended to use a virtual environment instead: https://pip.pypa.io/warnings/venv
8.209 Collecting Flask==3.0.0 (from -r requirements_production.txt (line 1))
8.832   Downloading flask-3.0.0-py3-none-any.whl.metadata (3.6 kB)
9.039 Collecting Flask-CORS==4.0.0 (from -r requirements_production.txt (line 2))
9.230   Downloading Flask_Cors-4.0.0-py2.py3-none-any.whl.metadata (5.4 kB)
9.431 Collecting Flask-SQLAlchemy==3.1.1 (from -r requirements_production.txt (line 3))
9.623   Downloading flask_sqlalchemy-3.1.1-py3-none-any.whl.metadata (3.4 kB)
9.842 Collecting gunicorn==21.2.0 (from -r requirements_production.txt (line 4))
10.03   Downloading gunicorn-21.2.0-py3-none-any.whl.metadata (4.1 kB)
10.63 Collecting psycopg2-binary==2.9.9 (from -r requirements_production.txt (line 5))
10.82   Downloading psycopg2_binary-2.9.9-cp311-cp311-manylinux_2_17_x86_64.manylinux2014_x86_64.whl.metadata (4.4 kB)
11.01 Collecting python-dotenv==1.0.0 (from -r requirements_production.txt (line 6))
11.21   Downloading python_dotenv-1.0.0-py3-none-any.whl.metadata (21 kB)
11.46 Collecting requests==2.31.0 (from -r requirements_production.txt (line 7))
11.65   Downloading requests-2.31.0-py3-none-any.whl.metadata (4.6 kB)
11.84 Collecting email-validator==2.1.0 (from -r requirements_production.txt (line 8))
12.03   Downloading email_validator-2.1.0-py3-none-any.whl.metadata (25 kB)
12.26 Collecting notion-client==2.2.1 (from -r requirements_production.txt (line 9))
12.45   Downloading notion_client-2.2.1-py2.py3-none-any.whl.metadata (11 kB)
12.72 Collecting openai==1.3.7 (from -r requirements_production.txt (line 10))
12.92   Downloading openai-1.3.7-py3-none-any.whl.metadata (17 kB)
13.12 Collecting python-http-client==3.3.7 (from -r requirements_production.txt (line 11))
13.32   Downloading python_http_client-3.3.7-py3-none-any.whl.metadata (6.9 kB)
13.54 Collecting sendgrid==6.10.0 (from -r requirements_production.txt (line 12))
13.74   Downloading sendgrid-6.10.0-py3-none-any.whl.metadata (12 kB)
13.95 Collecting supabase==2.0.2 (from -r requirements_production.txt (line 13))
14.15   Downloading supabase-2.0.2-py3-none-any.whl.metadata (11 kB)
14.38 Collecting python-telegram-bot==20.7 (from -r requirements_production.txt (line 14))
14.57   Downloading python_telegram_bot-20.7-py3-none-any.whl.metadata (15 kB)
14.77 Collecting telegram==0.0.1 (from -r requirements_production.txt (line 15))
14.96   Downloading telegram-0.0.1.tar.gz (879 bytes)
14.97   Preparing metadata (setup.py): started
15.97   Preparing metadata (setup.py): finished with status 'done'
16.16 Collecting trafilatura==1.6.4 (from -r requirements_production.txt (line 16))
16.35   Downloading trafilatura-1.6.4-py3-none-any.whl.metadata (16 kB)
16.58 Collecting Werkzeug>=3.0.0 (from Flask==3.0.0->-r requirements_production.txt (line 1))
16.77   Downloading werkzeug-3.1.3-py3-none-any.whl.metadata (3.7 kB)
16.97 Collecting Jinja2>=3.1.2 (from Flask==3.0.0->-r requirements_production.txt (line 1))
17.16   Downloading jinja2-3.1.6-py3-none-any.whl.metadata (2.9 kB)
17.34 Collecting itsdangerous>=2.1.2 (from Flask==3.0.0->-r requirements_production.txt (line 1))
17.53   Downloading itsdangerous-2.2.0-py3-none-any.whl.metadata (1.9 kB)
17.76 Collecting click>=8.1.3 (from Flask==3.0.0->-r requirements_production.txt (line 1))
17.95   Downloading click-8.2.1-py3-none-any.whl.metadata (2.5 kB)
18.13 Collecting blinker>=1.6.2 (from Flask==3.0.0->-r requirements_production.txt (line 1))
18.32   Downloading blinker-1.9.0-py3-none-any.whl.metadata (1.6 kB)
19.15 Collecting sqlalchemy>=2.0.16 (from Flask-SQLAlchemy==3.1.1->-r requirements_production.txt (line 3))
19.34   Downloading sqlalchemy-2.0.42-cp311-cp311-manylinux_2_17_x86_64.manylinux2014_x86_64.whl.metadata (9.6 kB)
19.56 Collecting packaging (from gunicorn==21.2.0->-r requirements_production.txt (line 4))
19.75   Downloading packaging-25.0-py3-none-any.whl.metadata (3.3 kB)
20.02 Collecting charset-normalizer<4,>=2 (from requests==2.31.0->-r requirements_production.txt (line 7))
20.21   Downloading charset_normalizer-3.4.3-cp311-cp311-manylinux2014_x86_64.manylinux_2_17_x86_64.manylinux_2_28_x86_64.whl.metadata (36 kB)
20.45 Collecting idna<4,>=2.5 (from requests==2.31.0->-r requirements_production.txt (line 7))
20.64   Downloading idna-3.10-py3-none-any.whl.metadata (10 kB)
20.85 Collecting urllib3<3,>=1.21.1 (from requests==2.31.0->-r requirements_production.txt (line 7))
21.04   Downloading urllib3-2.5.0-py3-none-any.whl.metadata (6.5 kB)
21.24 Collecting certifi>=2017.4.17 (from requests==2.31.0->-r requirements_production.txt (line 7))
21.43   Downloading certifi-2025.8.3-py3-none-any.whl.metadata (2.4 kB)
21.61 Collecting dnspython>=2.0.0 (from email-validator==2.1.0->-r requirements_production.txt (line 8))
21.80   Downloading dnspython-2.7.0-py3-none-any.whl.metadata (5.8 kB)
22.00 Collecting httpx>=0.15.0 (from notion-client==2.2.1->-r requirements_production.txt (line 9))
22.19   Downloading httpx-0.28.1-py3-none-any.whl.metadata (7.1 kB)
22.38 Collecting anyio<4,>=3.5.0 (from openai==1.3.7->-r requirements_production.txt (line 10))
22.58   Downloading anyio-3.7.1-py3-none-any.whl.metadata (4.7 kB)
22.76 Collecting distro<2,>=1.7.0 (from openai==1.3.7->-r requirements_production.txt (line 10))
22.95   Downloading distro-1.9.0-py3-none-any.whl.metadata (6.8 kB)
23.31 Collecting pydantic<3,>=1.9.0 (from openai==1.3.7->-r requirements_production.txt (line 10))
23.50   Downloading pydantic-2.11.7-py3-none-any.whl.metadata (67 kB)
23.76 Collecting sniffio (from openai==1.3.7->-r requirements_production.txt (line 10))
23.95   Downloading sniffio-1.3.1-py3-none-any.whl.metadata (3.9 kB)
24.15 Collecting tqdm>4 (from openai==1.3.7->-r requirements_production.txt (line 10))
24.34   Downloading tqdm-4.67.1-py3-none-any.whl.metadata (57 kB)
24.57 Collecting typing-extensions<5,>=4.5 (from openai==1.3.7->-r requirements_production.txt (line 10))
24.77   Downloading typing_extensions-4.14.1-py3-none-any.whl.metadata (3.0 kB)
24.95 Collecting starkbank-ecdsa>=2.0.1 (from sendgrid==6.10.0->-r requirements_production.txt (line 12))
25.14   Downloading starkbank-ecdsa-2.2.0.tar.gz (14 kB)
25.16   Preparing metadata (setup.py): started
26.14   Preparing metadata (setup.py): finished with status 'done'
26.33 Collecting gotrue<2.0.0,>=1.3.0 (from supabase==2.0.2->-r requirements_production.txt (line 13))
26.52   Downloading gotrue-1.3.1-py3-none-any.whl.metadata (5.9 kB)
26.54 Collecting httpx>=0.15.0 (from notion-client==2.2.1->-r requirements_production.txt (line 9))
26.73   Downloading httpx-0.24.1-py3-none-any.whl.metadata (7.4 kB)
26.98 Collecting postgrest<0.14.0,>=0.10.8 (from supabase==2.0.2->-r requirements_production.txt (line 13))
27.19   Downloading postgrest-0.13.2-py3-none-any.whl.metadata (5.1 kB)
27.37 Collecting realtime<2.0.0,>=1.0.0 (from supabase==2.0.2->-r requirements_production.txt (line 13))
27.57   Downloading realtime-1.0.6-py3-none-any.whl.metadata (2.6 kB)
27.76 Collecting storage3<0.7.0,>=0.5.3 (from supabase==2.0.2->-r requirements_production.txt (line 13))
27.97   Downloading storage3-0.6.1-py3-none-any.whl.metadata (1.8 kB)
28.16 Collecting supafunc<0.4.0,>=0.3.1 (from supabase==2.0.2->-r requirements_production.txt (line 13))
28.36   Downloading supafunc-0.3.3-py3-none-any.whl.metadata (1.2 kB)
28.37 INFO: pip is looking at multiple versions of python-telegram-bot to determine which version is compatible with other requirements. This c                                                                              ould take a while.
28.39 ERROR: Cannot install -r requirements_production.txt (line 10), -r requirements_production.txt (line 13), -r requirements_production.txt                                                                               (line 14) and -r requirements_production.txt (line 9) because these package versions have conflicting dependencies.
28.39
28.39 The conflict is caused by:
28.39     notion-client 2.2.1 depends on httpx>=0.15.0
28.39     openai 1.3.7 depends on httpx<1 and >=0.23.0
28.39     supabase 2.0.2 depends on httpx<0.25.0 and >=0.24.0
28.39     python-telegram-bot 20.7 depends on httpx~=0.25.2
28.39
28.39 To fix this you could try to:
28.39 1. loosen the range of package versions you've specified
28.39 2. remove package versions to allow pip to attempt to solve the dependency conflict
28.39
29.09 ERROR: ResolutionImpossible: for help visit https://pip.pypa.io/en/latest/topics/dependency-resolution/#dealing-with-dependency-conflicts
------
failed to solve: process "/bin/sh -c pip install --no-cache-dir --upgrade pip &&     pip install --no-cache-dir -r requirements_production.txt"                                                                               did not complete successfully: exit code: 1
exit status 1
root@vmi2118687:~/crystalbay# cp requirements_production.txt requirements_production.txt.bak
root@vmi2118687:~/crystalbay# sed -i '/^telegram==/d' requirements_production.txt
root@vmi2118687:~/crystalbay# sed -i 's/^python-telegram-bot==.*/python-telegram-bot==22.3/' requirements_production.txt
root@vmi2118687:~/crystalbay# sed -i 's/^supabase==.*/supabase==2.4.5/' requirements_production.txt
root@vmi2118687:~/crystalbay# grep -q '^httpx==' requirements_production.txt || sed -i '1i httpx==0.27.2' requirements_production.txt
root@vmi2118687:~/crystalbay# echo "=== requirements_production.txt ==="
=== requirements_production.txt ===
root@vmi2118687:~/crystalbay# cat requirements_production.txt
httpx==0.27.2
Flask==3.0.0
Flask-CORS==4.0.0
Flask-SQLAlchemy==3.1.1
gunicorn==21.2.0
psycopg2-binary==2.9.9
python-dotenv==1.0.0
requests==2.31.0
email-validator==2.1.0
notion-client==2.2.1
openai==1.3.7
python-http-client==3.3.7
sendgrid==6.10.0
supabase==2.4.5
python-telegram-bot==22.3
trafilatura==1.6.4root@vmi2118687:~/crystalbay# cd ~/crystalbay
root@vmi2118687:~/crystalbay# nano .env
root@vmi2118687:~/crystalbay# docker compose -f docker-compose.production.yml --env-file .env build --no-cache web
WARN[0000] The "SUPABASE_URL" variable is not set. Defaulting to a blank string.
WARN[0000] The "SUPABASE_KEY" variable is not set. Defaulting to a blank string.
WARN[0000] /root/crystalbay/docker-compose.production.yml: the attribute `version` is obsolete, it will be ignored, please remove it to avoid p                                                                              otential confusion
Compose now can delegate build to bake for better performances
Just set COMPOSE_BAKE=true
[+] Building 89.3s (14/14) FINISHED                                                                                             docker:default
 => [web internal] load build definition from Dockerfile.optimized                                                                        0.0s
 => => transferring dockerfile: 1.16kB                                                                                                    0.0s
 => [web internal] load metadata for docker.io/library/python:3.11-slim                                                                   0.8s
 => [web internal] load .dockerignore                                                                                                     0.0s
 => => transferring context: 829B                                                                                                         0.0s
 => [web 1/8] FROM docker.io/library/python:3.11-slim@sha256:0ce77749ac83174a31d5e107ce0cfa6b28a2fd6b0615e029d9d84b39c48976ee             0.0s
 => [web internal] load build context                                                                                                     0.0s
 => => transferring context: 2.56kB                                                                                                       0.0s
 => CACHED [web 2/8] WORKDIR /app                                                                                                         0.0s
 => [web 3/8] RUN apt-get update && apt-get install -y     gcc     postgresql-client     curl     && rm -rf /var/lib/apt/lists/*         21.3s
 => [web 4/8] COPY requirements_production.txt ./                                                                                         0.0s
 => [web 5/8] RUN pip install --no-cache-dir --upgrade pip &&     pip install --no-cache-dir -r requirements_production.txt              64.3s
 => [web 6/8] COPY . .                                                                                                                    0.1s
 => [web 7/8] RUN useradd -m -s /bin/bash crystalbay &&     chown -R crystalbay:crystalbay /app &&     chmod +x /app/deploy.sh || true    0.8s
 => [web 8/8] RUN mkdir -p /app/static/uploads /app/logs                                                                                  0.4s
 => [web] exporting to image                                                                                                              1.5s
 => => exporting layers                                                                                                                   1.5s
 => => writing image sha256:cb8864cfd46613d3b7284a459e7257bec05ba5cbc61f64c4916392b99debcc07                                              0.0s
 => => naming to docker.io/library/crystalbay-web                                                                                         0.0s
 => [web] resolving provenance for metadata file                                                                                          0.0s
[+] Building 1/1
 ✔ web  Built                                                                                                                             0.0s
root@vmi2118687:~/crystalbay# docker compose -f docker-compose.production.yml --env-file .env up -d
WARN[0000] The "SUPABASE_URL" variable is not set. Defaulting to a blank string.
WARN[0000] The "SUPABASE_KEY" variable is not set. Defaulting to a blank string.
WARN[0000] /root/crystalbay/docker-compose.production.yml: the attribute `version` is obsolete, it will be ignored, please remove it to avoid p                                                                              otential confusion
[+] Running 8/9
 ✔ Network crystalbay_default         Created                                                                                             0.1s
 ✔ Volume "crystalbay_redis_data"     Created                                                                                             0.0s
 ✔ Volume "crystalbay_static_files"   Created                                                                                             0.0s
 ✔ Volume "crystalbay_app_logs"       Created                                                                                             0.0s
 ✔ Volume "crystalbay_postgres_data"  Created                                                                                             0.0s
 ✔ Container crystalbay-redis-1       Started                                                                                             0.6s
 ✔ Container crystalbay-db-1          Healthy                                                                                            11.1s
 ✔ Container crystalbay-web-1         Healthy                                                                                            16.9s
 ⠴ Container crystalbay-nginx-1       Starting                                                                                           17.2s
Error response from daemon: driver failed programming external connectivity on endpoint crystalbay-nginx-1 (df89f3b126c05a9f32a7e87c21f9b2a0826                                                                              c8b94984a76d6d320944137b48ad5): Bind for 0.0.0.0:80 failed: port is already allocated
exit status 1
root@vmi2118687:~/crystalbay# ^C
root@vmi2118687:~/crystalbay# nginx

Command 'nginx' not found, but can be installed with:

apt install nginx-core    # version 1.18.0-0ubuntu1.7, or
apt install nginx-extras  # version 1.18.0-0ubuntu1.7
apt install nginx-full    # version 1.18.0-0ubuntu1.7
apt install nginx-light   # version 1.18.0-0ubuntu1.7

root@vmi2118687:~/crystalbay# apache

Command 'apache' not found, did you mean:

  command 'apache2' from deb apache2-bin (2.4.41-4ubuntu3.21)

Try: apt install <deb name>

root@vmi2118687:~/crystalbay# cd ~/crystalbay
root@vmi2118687:~/crystalbay# docker compose -f docker-compose.production.yml --env-file .env up -d --scale nginx=0
WARN[0000] The "SUPABASE_URL" variable is not set. Defaulting to a blank string.
WARN[0000] The "SUPABASE_KEY" variable is not set. Defaulting to a blank string.
WARN[0000] /root/crystalbay/docker-compose.production.yml: the attribute `version` is obsolete, it will be ignored, please remove it to avoid p                                                                              otential confusion
[+] Running 4/4
 ✔ Container crystalbay-redis-1  Running                                                                                                  0.0s
 ✔ Container crystalbay-db-1     Running                                                                                                  0.0s
 ✔ Container crystalbay-web-1    Running                                                                                                  0.0s
 ✘ Container crystalbay-nginx-1  Error while Stopping                                                                                     1.7s
Error response from daemon: cannot stop container: c7a69d200fac1274b52db2c612af8f88ac1a63f66dc4181ccd15b7658a830dc8: tried to kill container, b                                                                              ut did not receive an exit event
exit status 1
root@vmi2118687:~/crystalbay# docker compose -f docker-compose.production.yml ps
WARN[0000] The "SUPABASE_URL" variable is not set. Defaulting to a blank string.
WARN[0000] The "SUPABASE_KEY" variable is not set. Defaulting to a blank string.
WARN[0000] /root/crystalbay/docker-compose.production.yml: the attribute `version` is obsolete, it will be ignored, please remove it to avoid p                                                                              otential confusion
NAME                 IMAGE                COMMAND                  SERVICE   CREATED         STATUS                                    PORTS
crystalbay-db-1      postgres:15-alpine   "docker-entrypoint.s…"   db        2 minutes ago   Up 2 minutes (healthy)                    5432/tcp
crystalbay-nginx-1   nginx:alpine         "/docker-entrypoint.…"   nginx     2 minutes ago   Restarting (137) Less than a second ago
crystalbay-redis-1   redis:7-alpine       "docker-entrypoint.s…"   redis     2 minutes ago   Up 2 minutes (healthy)                    6379/tcp
crystalbay-web-1     crystalbay-web       "gunicorn --bind 0.0…"   web       2 minutes ago   Up About a minute (healthy)               0.0.0.0:                                                                              5000->5000/tcp
root@vmi2118687:~/crystalbay# curl -sI http://127.0.0.1:5000/health
HTTP/1.1 200 OK
Server: gunicorn
Date: Sun, 10 Aug 2025 09:23:27 GMT
Connection: close
Content-Type: application/json
Content-Length: 80
Access-Control-Allow-Origin: *

root@vmi2118687:~/crystalbay# ^C
root@vmi2118687:~/crystalbay# ss -ltnp | grep ':80' || true
LISTEN    0         4096               0.0.0.0:80               0.0.0.0:*        users:(("docker-proxy",pid=295081,fd=7))                                                                                                    
root@vmi2118687:~/crystalbay# docker ps --format "table {{.Names}}\t{{.Ports}}"
NAMES                PORTS
crystalbay-nginx-1
crystalbay-web-1     0.0.0.0:5000->5000/tcp
crystalbay-db-1      5432/tcp
crystalbay-redis-1   6379/tcp
ragflow-server
ragflow-es01         9300/tcp, 0.0.0.0:1200->9200/tcp
ragflow-mysql        3306/tcp, 33060/tcp
ragflow-minio        9000/tcp
ragflow-redis        6379/tcp
n8n-traefik-1        0.0.0.0:80->80/tcp, 0.0.0.0:443->443/tcp
n8n-n8n-1            127.0.0.1:5678->5678/tcp
root@vmi2118687:~/crystalbay# docker rm -f crystalbay-nginx-1
Error response from daemon: cannot remove container "/crystalbay-nginx-1": could not kill: tried to kill container, but did not receive an exit                                                                               event
root@vmi2118687:~/crystalbay# docker rm -f crystalbay-nginx-1
crystalbay-nginx-1
root@vmi2118687:~/crystalbay# cd ~/crystalbay
root@vmi2118687:~/crystalbay# docker compose -f docker-compose.production.yml --env-file .env up -d web db redis
WARN[0000] The "SUPABASE_URL" variable is not set. Defaulting to a blank string.
WARN[0000] The "SUPABASE_KEY" variable is not set. Defaulting to a blank string.
WARN[0000] /root/crystalbay/docker-compose.production.yml: the attribute `version` is obsolete, it will be ignored, please remove it to avoid p                                                                              otential confusion
[+] Running 3/3
 ✔ Container crystalbay-db-1     Healthy                                                                                                  0.5s
 ✔ Container crystalbay-redis-1  Running                                                                                                  0.0s
 ✔ Container crystalbay-web-1    Running                                                                                                  0.0s
root@vmi2118687:~/crystalbay# docker compose -f docker-compose.production.yml ps
WARN[0000] The "SUPABASE_URL" variable is not set. Defaulting to a blank string.
WARN[0000] The "SUPABASE_KEY" variable is not set. Defaulting to a blank string.
WARN[0000] /root/crystalbay/docker-compose.production.yml: the attribute `version` is obsolete, it will be ignored, please remove it to avoid p                                                                              otential confusion
NAME                 IMAGE                COMMAND                  SERVICE   CREATED         STATUS                   PORTS
crystalbay-db-1      postgres:15-alpine   "docker-entrypoint.s…"   db        7 minutes ago   Up 7 minutes (healthy)   5432/tcp
crystalbay-redis-1   redis:7-alpine       "docker-entrypoint.s…"   redis     7 minutes ago   Up 7 minutes (healthy)   6379/tcp
crystalbay-web-1     crystalbay-web       "gunicorn --bind 0.0…"   web       7 minutes ago   Up 7 minutes (healthy)   0.0.0.0:5000->5000/tcp
root@vmi2118687:~/crystalbay# docker compose -f docker-compose.production.yml up -d web db redis
WARN[0000] The "SUPABASE_URL" variable is not set. Defaulting to a blank string.
WARN[0000] The "SUPABASE_KEY" variable is not set. Defaulting to a blank string.
WARN[0000] /root/crystalbay/docker-compose.production.yml: the attribute `version` is obsolete, it will be ignored, please remove it to avoid p                                                                              otential confusion
[+] Running 3/3
 ✔ Container crystalbay-redis-1  Running                                                                                                  0.0s
 ✔ Container crystalbay-db-1     Healthy                                                                                                  0.5s
 ✔ Container crystalbay-web-1    Running                                                                                                  0.0s
root@vmi2118687:~/crystalbay# grep -E '^SAMO_OAUTH_TOKEN=' .env || echo 'MISSING SAMO_OAUTH_TOKEN'
SAMO_OAUTH_TOKEN=27bd59a7ac67422189789f0188167379
root@vmi2118687:~/crystalbay# docker ps
CONTAINER ID   IMAGE                                              COMMAND                  CREATED         STATUS                   PORTS                                                                                                                    NAMES
b8370db72edd   crystalbay-web                                     "gunicorn --bind 0.0…"   7 minutes ago   Up 7 minutes (healthy)   0.0.0.0:500                                                                              0->5000/tcp                     crystalbay-web-1
fcb22836101d   postgres:15-alpine                                 "docker-entrypoint.s…"   7 minutes ago   Up 7 minutes (healthy)   5432/tcp                                                                                                                 crystalbay-db-1
1a1c915a7f23   redis:7-alpine                                     "docker-entrypoint.s…"   7 minutes ago   Up 7 minutes (healthy)   6379/tcp                                                                                                                 crystalbay-redis-1
4b6716e09286   infiniflow/ragflow:v0.19.1-slim                    "./entrypoint.sh"        4 weeks ago     Up 4 weeks                                                                                                                                        ragflow-server
a5444b365493   elasticsearch:8.11.3                               "/bin/tini -- /usr/l…"   4 weeks ago     Up 4 weeks (healthy)     9300/tcp, 0                                                                              .0.0.0:1200->9200/tcp           ragflow-es01
58e7c2edcd3c   mysql:8.0.39                                       "docker-entrypoint.s…"   4 weeks ago     Up 4 weeks (healthy)     3306/tcp, 3                                                                              3060/tcp                        ragflow-mysql
7fe24bef84df   quay.io/minio/minio:RELEASE.2025-06-13T11-33-47Z   "/usr/bin/docker-ent…"   4 weeks ago     Up 4 weeks (healthy)     9000/tcp                                                                                                                 ragflow-minio
e020dcf7f172   valkey/valkey:8                                    "docker-entrypoint.s…"   4 weeks ago     Up 4 weeks (healthy)     6379/tcp                                                                                                                 ragflow-redis
6c1121722050   traefik                                            "/entrypoint.sh --ap…"   5 months ago    Up 4 weeks               0.0.0.0:80-                                                                              >80/tcp, 0.0.0.0:443->443/tcp   n8n-traefik-1
48f423cb4d3c   docker.n8n.io/n8nio/n8n                            "tini -- /docker-ent…"   5 months ago    Up 4 weeks               127.0.0.1:5                                                                              678->5678/tcp                   n8n-n8n-1
root@vmi2118687:~/crystalbay# docker ps
CONTAINER ID   IMAGE                                              COMMAND                  CREATED         STATUS                   PORTS                                      NAMES
b8370db72edd   crystalbay-web                                     "gunicorn --bind 0.0…"   8 minutes ago   Up 7 minutes (healthy)   0.0.0.0:5000->5000/tcp                     crystalbay-web-1
fcb22836101d   postgres:15-alpine                                 "docker-entrypoint.s…"   8 minutes ago   Up 8 minutes (healthy)   5432/tcp                                   crystalbay-db-1
1a1c915a7f23   redis:7-alpine                                     "docker-entrypoint.s…"   8 minutes ago   Up 8 minutes (healthy)   6379/tcp                                   crystalbay-redis-1
4b6716e09286   infiniflow/ragflow:v0.19.1-slim                    "./entrypoint.sh"        4 weeks ago     Up 4 weeks                                                          ragflow-server
a5444b365493   elasticsearch:8.11.3                               "/bin/tini -- /usr/l…"   4 weeks ago     Up 4 weeks (healthy)     9300/tcp, 0.0.0.0:1200->9200/tcp           ragflow-es01
58e7c2edcd3c   mysql:8.0.39                                       "docker-entrypoint.s…"   4 weeks ago     Up 4 weeks (healthy)     3306/tcp, 33060/tcp                        ragflow-mysql
7fe24bef84df   quay.io/minio/minio:RELEASE.2025-06-13T11-33-47Z   "/usr/bin/docker-ent…"   4 weeks ago     Up 4 weeks (healthy)     9000/tcp                                   ragflow-minio
e020dcf7f172   valkey/valkey:8                                    "docker-entrypoint.s…"   4 weeks ago     Up 4 weeks (healthy)     6379/tcp                                   ragflow-redis
6c1121722050   traefik                                            "/entrypoint.sh --ap…"   5 months ago    Up 4 weeks               0.0.0.0:80->80/tcp, 0.0.0.0:443->443/tcp   n8n-traefik-1
48f423cb4d3c   docker.n8n.io/n8nio/n8n                            "tini -- /docker-ent…"   5 months ago    Up 4 weeks               127.0.0.1:5678->5678/tcp                   n8n-n8n-1
root@vmi2118687:~/crystalbay#
